./src/y.tab.c
./src/lex.yy.c
./src/rng-double.c
./src/rng.c
./src/routefunc.cpp
./src/credit.cpp
./src/networks/fly.cpp
./src/networks/flatfly_onchip.cpp
./src/networks/fattree.cpp
./src/networks/cmesh.cpp
./src/networks/anynet.cpp
./src/networks/tree4.cpp
./src/networks/network.cpp
./src/networks/qtree.cpp
./src/networks/dragonfly.cpp
./src/networks/kncube.cpp
./src/stats.cpp
./src/buffer.cpp
./src/main.cpp
./src/flit.cpp
./src/power/power_module.cpp
./src/power/switch_monitor.cpp
./src/power/buffer_monitor.cpp
./src/packet_reply_info.cpp
./src/arbiters/prio_arb.cpp
./src/arbiters/matrix_arb.cpp
./src/arbiters/roundrobin_arb.cpp
./src/arbiters/tree_arb.cpp
./src/arbiters/arbiter.cpp
./src/outputset.cpp
./src/misc_utils.cpp
./src/rng_double_wrapper.cpp
./src/vc.cpp
./src/trafficmanager.cpp
./src/module.cpp
./src/allocators/selalloc.cpp
./src/allocators/wavefront.cpp
./src/allocators/allocator.cpp
./src/allocators/islip.cpp
./src/allocators/separable_input_first.cpp
./src/allocators/separable_output_first.cpp
./src/allocators/separable.cpp
./src/allocators/pim.cpp
./src/allocators/loa.cpp
./src/allocators/maxsize.cpp
./src/flitchannel.cpp
./src/buffer_state.cpp
./src/config_utils.cpp
./src/traffic.cpp
./src/random_utils.cpp
./src/booksim_config.cpp
./src/injection.cpp
./src/routers/iq_router.cpp
./src/routers/router.cpp
./src/routers/chaos_router.cpp
./src/routers/event_router.cpp
./src/batchtrafficmanager.cpp
./src/rng_wrapper.cpp
./src/y.tab.h
